# cmd options :dxa
# After division.
3 3
1,2,3,
4,5,6,
7,8,6,

# After determinant.
27

# After addition.
2 2
28,29,
33,36,
