# cmd options :m
# After multiplication.
2 1
5,
11,
