# cmd options :mx
# After multiplication.
3 3
123,246,369,
492,615,738,
861,984,1107,

# After determinant.
0
