# cmd options :a
# After addition.
2 3
124,125,126,
127,128,129,
